> Task :app:checkKotlinGradlePluginConfigurationErrors
> Task :app:preBuild UP-TO-DATE
> Task :app:preDebugBuild UP-TO-DATE
> Task :app:checkDebugAarMetadata UP-TO-DATE
> Task :app:generateDebugResValues UP-TO-DATE
> Task :app:mapDebugSourceSetPaths UP-TO-DATE
> Task :app:generateDebugResources UP-TO-DATE
> Task :app:mergeDebugResources UP-TO-DATE
> Task :app:packageDebugResources UP-TO-DATE
> Task :app:parseDebugLocalResources UP-TO-DATE
> Task :app:createDebugCompatibleScreenManifests UP-TO-DATE
> Task :app:extractDeepLinksDebug UP-TO-DATE
> Task :app:processDebugMainManifest UP-TO-DATE
> Task :app:processDebugManifest UP-TO-DATE
> Task :app:processDebugManifestForPackage UP-TO-DATE
> Task :app:processDebugResources UP-TO-DATE

> Task :app:compileDebugKotlin
w: file:///C:/Users/Usuario/.gemini/antigravity/scratch/bee-movil-native/app/src/main/java/com/beemovil/ui/screens/LiveVisionScreen.kt:335:39 'ArrowBack: ImageVector' is deprecated. Use the AutoMirrored version at Icons.AutoMirrored.Filled.ArrowBack
w: file:///C:/Users/Usuario/.gemini/antigravity/scratch/bee-movil-native/app/src/main/java/com/beemovil/ui/screens/LiveVisionScreen.kt:799:5 Parameter 'logger' is never used
w: file:///C:/Users/Usuario/.gemini/antigravity/scratch/bee-movil-native/app/src/main/java/com/beemovil/vision/GpsModule.kt:58:31 'getFromLocation(Double, Double, Int): (Mutable)List<Address!>?' is deprecated. Deprecated in Java
[Incubating] Problems report is available at: file:///C:/Users/Usuario/.gemini/antigravity/scratch/bee-movil-native/build/reports/problems/problems-report.html

Deprecated Gradle features were used in this build, making it incompatible with Gradle 9.0.

You can use '--warning-mode all' to show the individual deprecation warnings and determine if they come from your own scripts or plugins.

For more on this, please refer to https://docs.gradle.org/8.11.1/userguide/command_line_interface.html#sec:command_line_warnings in the Gradle documentation.

BUILD SUCCESSFUL in 2s
14 actionable tasks: 2 executed, 12 up-to-date
