e: file:///C:/Users/Usuario/.gemini/antigravity/scratch/bee-movil-native/app/src/main/java/com/beemovil/MainActivity.kt:59:13 Conflicting declarations: val memoryDB: BeeMemoryDB, val memoryDB: BeeMemoryDB?
e: file:///C:/Users/Usuario/.gemini/antigravity/scratch/bee-movil-native/app/src/main/java/com/beemovil/MainActivity.kt:120:13 Conflicting declarations: val memoryDB: BeeMemoryDB, val memoryDB: BeeMemoryDB?
e: file:///C:/Users/Usuario/.gemini/antigravity/scratch/bee-movil-native/app/src/main/java/com/beemovil/ui/ChatViewModel.kt:103:5 Conflicting overloads: public final fun getProviderDisplayName(): String defined in com.beemovil.ui.ChatViewModel, public final fun getProviderDisplayName(): String defined in com.beemovil.ui.ChatViewModel
e: file:///C:/Users/Usuario/.gemini/antigravity/scratch/bee-movil-native/app/src/main/java/com/beemovil/ui/ChatViewModel.kt:120:5 Conflicting overloads: public final fun getProviderDisplayName(): String defined in com.beemovil.ui.ChatViewModel, public final fun getProviderDisplayName(): String defined in com.beemovil.ui.ChatViewModel
e: file:///C:/Users/Usuario/.gemini/antigravity/scratch/bee-movil-native/app/src/main/java/com/beemovil/ui/ChatViewModel.kt:163:45 Overload resolution ambiguity: 
e: file:///C:/Users/Usuario/.gemini/antigravity/scratch/bee-movil-native/app/src/main/java/com/beemovil/ui/ChatViewModel.kt:211:62 Overload resolution ambiguity: 
e: file:///C:/Users/Usuario/.gemini/antigravity/scratch/bee-movil-native/app/src/main/java/com/beemovil/ui/screens/DashboardScreen.kt:155:43 Overload resolution ambiguity: 
